// Jest Snapshot v1, https://goo.gl/fbAQLP

exports[`resolverUtils constructFileName should work 1`] = `"some-file-dir/12:00:00 AM-jason-gunawan.png"`;
